00:00:01.079579 VirtualBox GUI VM Selector Window 7.1.6 r167084 win.amd64 (Jan 21 2025 14:13:52) release log
00:00:01.079581 Log opened 2025-02-28T18:26:32.534712000Z
00:00:01.079582 Build Type: release
00:00:01.079585 OS Product: Windows 11
00:00:01.079586 OS Release: 10.0.22631
00:00:01.079587 OS Service Pack: 
00:00:01.093119 DMI Product Name: 82XT
00:00:01.097833 DMI Product Version: LOQ 15APH8
00:00:01.097854 Firmware type: UEFI
00:00:01.098261 Secure Boot: Disabled
00:00:01.098268 Host RAM: 15554MB (15.1GB) total, 2702MB (2.6GB) available
00:00:01.098272 Executable: C:\Program Files\Oracle\VirtualBox\VirtualBox.exe
00:00:01.098272 Process ID: 22972
00:00:01.098272 Package type: WINDOWS_64BITS_GENERIC
00:00:01.098273 Windows Features:
00:00:01.098273   Core Isolation (Memory Integrity): ENABLED
00:00:01.098412 Qt version: 6.5.3
00:00:01.099155 GUI: UIMediumEnumerator: Initial medium-enumeration finished!
00:00:01.118638 GUI: UIMediumEnumerator: Medium-enumeration started...
00:00:01.732261 GUI: UIMediumEnumerator: Medium-enumeration finished!
00:01:15.342766 GUI: UICommon: Handling aboutToQuit request..
00:01:16.073784 GUI: UICommon: aboutToQuit request handled!
